// Jest Snapshot v1, https://goo.gl/fbAQLP

exports[`renders correctly 1`] = `
<div
  className="jumbotron shadow-lg"
>
  <h1
    className="display-4"
  >
    The movie app!
  </h1>
  <p
    className="lead"
  >
    Are you looking for informations about movies, TV series, actors and actresses?
  </p>
  <p>
    If 
    <span
      className="font-weight-bold text-uppercase"
    >
      yes
    </span>
     then you are in the good place in the web.
  </p>
  <a
    className="btn btn-primary btn-lg"
    href="/list"
    onClick={[Function]}
  >
    Start
  </a>
</div>
`;
