// Jest Snapshot v1, https://goo.gl/fbAQLP

exports[`displays Note correctly 1`] = `
<div
  className="container my-5"
>
  <p
    className="font-weight-bold"
  >
    Too many search results to display. Refine your search criteria and try again.
  </p>
  <p>
     For example, if you have searched "Start Wars". You should try "Star Wars: The Last Jedi".
  </p>
</div>
`;
